=== ZERO-SHOT fission->fungi ===
Loading validation profile: fungi_span_zeroshot_from_fission
Species datasets: 5
  s_cerevisiae
    train FASTA: genome_data/fission_yeasts/s_pombe/train/s_pombe_train.fna
    train GFF:   genome_data/fission_yeasts/s_pombe/train/s_pombe_train.gff
    test FASTA:  genome_data/fungi_diverse/s_cerevisiae/test/s_cerevisiae_test.fna
    test GFF:    genome_data/fungi_diverse/s_cerevisiae/test/s_cerevisiae_test.gff
  n_crassa
    train FASTA: genome_data/fission_yeasts/s_japonicus/train/s_japonicus_train.fna
    train GFF:   genome_data/fission_yeasts/s_japonicus/train/s_japonicus_train.gff
    test FASTA:  genome_data/fungi_diverse/n_crassa/test/n_crassa_test.fna
    test GFF:    genome_data/fungi_diverse/n_crassa/test/n_crassa_test.gff
  cr_neoformans
    train FASTA: genome_data/fission_yeasts/s_octosporus/train/s_octosporus_train.fna
    train GFF:   genome_data/fission_yeasts/s_octosporus/train/s_octosporus_train.gff
    test FASTA:  genome_data/fungi_diverse/cr_neoformans/test/cr_neoformans_test.fna
    test GFF:    genome_data/fungi_diverse/cr_neoformans/test/cr_neoformans_test.gff
  r_delemar
    train FASTA: genome_data/fission_yeasts/s_cryophilus/train/s_cryophilus_train.fna
    train GFF:   genome_data/fission_yeasts/s_cryophilus/train/s_cryophilus_train.gff
    test FASTA:  genome_data/fungi_diverse/r_delemar/test/r_delemar_test.fna
    test GFF:    genome_data/fungi_diverse/r_delemar/test/r_delemar_test.gff
  b_dendrobatidis
    train FASTA: genome_data/fission_yeasts/s_pombe/train/s_pombe_train.fna
    train GFF:   genome_data/fission_yeasts/s_pombe/train/s_pombe_train.gff
    test FASTA:  genome_data/fungi_diverse/b_dendrobatidis/test/b_dendrobatidis_test.fna
    test GFF:    genome_data/fungi_diverse/b_dendrobatidis/test/b_dendrobatidis_test.gff
Training chromosomes: 68
Evaluation chromosomes: 35
Usable training intervals: 7848
Usable evaluation intervals: 3076

Decoding usable evaluation intervals

=== Full Genome Holdout Validation ===
Metric                               Value
Evaluated bases                   12102460
Exact 21-state accuracy             0.8895
Illegal transitions                      0
Predicted gene intervals              3494
Gold gene intervals                   2893
Intron length cap p95                  202
Gene start penalty                  1.0000
Intron duration model            histogram
Duration table size                    203
CNN donor scale                     1.0000
CNN donor bias                      0.0000
CNN acceptor scale                  1.0000
CNN acceptor bias                   0.0000
CNN start scale                     1.0000
CNN start bias                     -6.0000

Classification Metrics:
Label          Precision      Recall          F1    Accuracy        TP        FP        FN        TN
coding            0.8010      0.9557      0.8716      0.9120   3615190    898109    167483   7421678
intron            0.7422      0.5469      0.6298      0.9712    296702    103037    245828  11456893

Boundary Metrics:
Boundary       Precision      Recall       Exact   Predicted        Gold
start             0.5080      0.6135        1775        3494        2893
stop              0.5827      0.7038        2036        3494        2893
donor             0.6853      0.6168        3843        5608        6231
acceptor          0.6928      0.6235        3885        5608        6231

Structure Metrics (exact interval match):
Boundary       Precision      Recall       Exact   Predicted        Gold
exon              0.5108      0.5095        4649        9102        9124
gene              0.3898      0.4708        1362        3494        2893
gene_sens         0.4708    (recall)
gene_spec         0.3898 (precision)

Saved combined results to validation/results/fungi_span_zeroshot/combined.txt
Saved s_cerevisiae results to validation/results/fungi_span_zeroshot/s_cerevisiae.txt
Saved n_crassa results to validation/results/fungi_span_zeroshot/n_crassa.txt
Saved cr_neoformans results to validation/results/fungi_span_zeroshot/cr_neoformans.txt
Saved r_delemar results to validation/results/fungi_span_zeroshot/r_delemar.txt
Saved b_dendrobatidis results to validation/results/fungi_span_zeroshot/b_dendrobatidis.txt
=== IN-DOMAIN fungi span ===
Loading validation profile: fungi_diverse_span_plus
Species datasets: 5
  s_cerevisiae
    train FASTA: genome_data/fungi_diverse/s_cerevisiae/train/s_cerevisiae_train.fna
    train GFF:   genome_data/fungi_diverse/s_cerevisiae/train/s_cerevisiae_train.gff
    test FASTA:  genome_data/fungi_diverse/s_cerevisiae/test/s_cerevisiae_test.fna
    test GFF:    genome_data/fungi_diverse/s_cerevisiae/test/s_cerevisiae_test.gff
  n_crassa
    train FASTA: genome_data/fungi_diverse/n_crassa/train/n_crassa_train.fna
    train GFF:   genome_data/fungi_diverse/n_crassa/train/n_crassa_train.gff
    test FASTA:  genome_data/fungi_diverse/n_crassa/test/n_crassa_test.fna
    test GFF:    genome_data/fungi_diverse/n_crassa/test/n_crassa_test.gff
  cr_neoformans
    train FASTA: genome_data/fungi_diverse/cr_neoformans/train/cr_neoformans_train.fna
    train GFF:   genome_data/fungi_diverse/cr_neoformans/train/cr_neoformans_train.gff
    test FASTA:  genome_data/fungi_diverse/cr_neoformans/test/cr_neoformans_test.fna
    test GFF:    genome_data/fungi_diverse/cr_neoformans/test/cr_neoformans_test.gff
  r_delemar
    train FASTA: genome_data/fungi_diverse/r_delemar/train/r_delemar_train.fna
    train GFF:   genome_data/fungi_diverse/r_delemar/train/r_delemar_train.gff
    test FASTA:  genome_data/fungi_diverse/r_delemar/test/r_delemar_test.fna
    test GFF:    genome_data/fungi_diverse/r_delemar/test/r_delemar_test.gff
  b_dendrobatidis
    train FASTA: genome_data/fungi_diverse/b_dendrobatidis/train/b_dendrobatidis_train.fna
    train GFF:   genome_data/fungi_diverse/b_dendrobatidis/train/b_dendrobatidis_train.gff
    test FASTA:  genome_data/fungi_diverse/b_dendrobatidis/test/b_dendrobatidis_test.fna
    test GFF:    genome_data/fungi_diverse/b_dendrobatidis/test/b_dendrobatidis_test.gff
Training chromosomes: 158
Evaluation chromosomes: 35
Usable training intervals: 21509
Usable evaluation intervals: 3076

Decoding usable evaluation intervals

=== Full Genome Holdout Validation ===
Metric                               Value
Evaluated bases                   12102460
Exact 21-state accuracy             0.8967
Illegal transitions                      0
Predicted gene intervals              2877
Gold gene intervals                   2893
Intron length cap p95                  201
Gene start penalty                  1.0000
Intron duration model            histogram
Duration table size                    202
CNN donor scale                     1.0000
CNN donor bias                      0.0000
CNN acceptor scale                  1.0000
CNN acceptor bias                   0.0000
CNN start scale                     1.0000
CNN start bias                     -6.0000

Classification Metrics:
Label          Precision      Recall          F1    Accuracy        TP        FP        FN        TN
coding            0.8495      0.9094      0.8785      0.9213   3440089    609347    342584   7710440
intron            0.6854      0.5997      0.6397      0.9697    325369    149322    217161  11410608

Boundary Metrics:
Boundary       Precision      Recall       Exact   Predicted        Gold
start             0.5700      0.5669        1640        2877        2893
stop              0.6750      0.6713        1942        2877        2893
donor             0.6934      0.6588        4105        5920        6231
acceptor          0.6990      0.6641        4138        5920        6231

Structure Metrics (exact interval match):
Boundary       Precision      Recall       Exact   Predicted        Gold
exon              0.5663      0.5460        4982        8797        9124
gene              0.4557      0.4532        1311        2877        2893
gene_sens         0.4532    (recall)
gene_spec         0.4557 (precision)

Saved combined results to validation/results/fungi_span_indomain/combined.txt
Saved s_cerevisiae results to validation/results/fungi_span_indomain/s_cerevisiae.txt
Saved n_crassa results to validation/results/fungi_span_indomain/n_crassa.txt
Saved cr_neoformans results to validation/results/fungi_span_indomain/cr_neoformans.txt
Saved r_delemar results to validation/results/fungi_span_indomain/r_delemar.txt
Saved b_dendrobatidis results to validation/results/fungi_span_indomain/b_dendrobatidis.txt
TRANSFER_DONE
