Loading validation profile: fission_yeasts
Species datasets: 4
  s_pombe
    train FASTA: genome_data/fission_yeasts/s_pombe/train/s_pombe_train.fna
    train GFF:   genome_data/fission_yeasts/s_pombe/train/s_pombe_train.gff
    test FASTA:  genome_data/fission_yeasts/s_pombe/test/s_pombe_test.fna
    test GFF:    genome_data/fission_yeasts/s_pombe/test/s_pombe_test.gff
  s_japonicus
    train FASTA: genome_data/fission_yeasts/s_japonicus/train/s_japonicus_train.fna
    train GFF:   genome_data/fission_yeasts/s_japonicus/train/s_japonicus_train.gff
    test FASTA:  genome_data/fission_yeasts/s_japonicus/test/s_japonicus_test.fna
    test GFF:    genome_data/fission_yeasts/s_japonicus/test/s_japonicus_test.gff
  s_octosporus
    train FASTA: genome_data/fission_yeasts/s_octosporus/train/s_octosporus_train.fna
    train GFF:   genome_data/fission_yeasts/s_octosporus/train/s_octosporus_train.gff
    test FASTA:  genome_data/fission_yeasts/s_octosporus/test/s_octosporus_test.fna
    test GFF:    genome_data/fission_yeasts/s_octosporus/test/s_octosporus_test.gff
  s_cryophilus
    train FASTA: genome_data/fission_yeasts/s_cryophilus/train/s_cryophilus_train.fna
    train GFF:   genome_data/fission_yeasts/s_cryophilus/train/s_cryophilus_train.gff
    test FASTA:  genome_data/fission_yeasts/s_cryophilus/test/s_cryophilus_test.fna
    test GFF:    genome_data/fission_yeasts/s_cryophilus/test/s_cryophilus_test.gff
Training chromosomes: 66
Evaluation chromosomes: 4
Usable training intervals: 6448
Usable evaluation intervals: 3783

Decoding usable evaluation intervals

=== Holdout Validation (+ strand) ===
Metric                               Value
Evaluated bases                   11746239
Exact 21-state accuracy             0.9727
Illegal transitions                      0
Predicted gene intervals              3715
Gold gene intervals                   3694
Intron length cap p95                  196
Gene start penalty                  1.0000
Intron duration model               negbin
Duration table size                    197
CNN donor scale                     1.0000
CNN donor bias                      0.0000
CNN acceptor scale                  1.0000
CNN acceptor bias                   0.0000
CNN start scale                     1.0000
CNN start bias                     -6.0000

Classification Metrics:
Label          Precision      Recall          F1    Accuracy        TP        FP        FN        TN
coding            0.9700      0.9824      0.9762      0.9787   5119127    158431     91585   6377096
intron            0.9229      0.7637      0.8358      0.9922    231676     19351     71690  11423522

Boundary Metrics:
Boundary       Precision      Recall       Exact   Predicted        Gold
start             0.8533      0.8581        3170        3715        3694
stop              0.9157      0.9210        3402        3715        3694
donor             0.8969      0.8453        3322        3704        3930
acceptor          0.8934      0.8420        3309        3704        3930

Structure Metrics (exact interval match):
Boundary       Precision      Recall       Exact   Predicted        Gold
exon              0.8345      0.8120        6191        7419        7624
gene              0.8086      0.8132        3004        3715        3694
gene_sens         0.8132    (recall)
gene_spec         0.8086 (precision)

=== Holdout Validation (- strand) ===
Metric                               Value
Evaluated bases                   11819371
Exact 21-state accuracy             0.9713
Illegal transitions                      0
Predicted gene intervals              3782
Gold gene intervals                   3749
Intron length cap p95                  196
Gene start penalty                  1.0000
Intron duration model               negbin
Duration table size                    197
CNN donor scale                     1.0000
CNN donor bias                      0.0000
CNN acceptor scale                  1.0000
CNN acceptor bias                   0.0000
CNN start scale                     1.0000
CNN start bias                     -6.0000

Classification Metrics:
Label          Precision      Recall          F1    Accuracy        TP        FP        FN        TN
coding            0.9667      0.9823      0.9744      0.9770   5180743    178337     93344   6366947
intron            0.9255      0.7751      0.8436      0.9926    234609     18891     68089  11497782

Boundary Metrics:
Boundary       Precision      Recall       Exact   Predicted        Gold
start             0.8408      0.8482        3180        3782        3749
stop              0.9191      0.9272        3476        3782        3749
donor             0.9067      0.8498        3372        3719        3968
acceptor          0.9094      0.8523        3382        3719        3968

Structure Metrics (exact interval match):
Boundary       Precision      Recall       Exact   Predicted        Gold
exon              0.8416      0.8181        6313        7501        7717
gene              0.8072      0.8144        3053        3782        3749
gene_sens         0.8144    (recall)
gene_spec         0.8072 (precision)

=== Full Genome Holdout Validation (both strands) ===
Metric                               Value
Evaluated bases                   23565610
Exact 21-state accuracy             0.9720
Illegal transitions                      0
Predicted gene intervals              7497
Gold gene intervals                   7443
Intron length cap p95                  196
Gene start penalty                  1.0000
Intron duration model               negbin
Duration table size                    197
CNN donor scale                     1.0000
CNN donor bias                      0.0000
CNN acceptor scale                  1.0000
CNN acceptor bias                   0.0000
CNN start scale                     1.0000
CNN start bias                     -6.0000

Classification Metrics:
Label          Precision      Recall          F1    Accuracy        TP        FP        FN        TN
coding            0.9683      0.9824      0.9753      0.9779  10299870    336768    184929  12744043
intron            0.9242      0.7694      0.8397      0.9924    466285     38242    139779  22921304

Boundary Metrics:
Boundary       Precision      Recall       Exact   Predicted        Gold
start             0.8470      0.8532        6350        7497        7443
stop              0.9174      0.9241        6878        7497        7443
donor             0.9018      0.8476        6694        7423        7898
acceptor          0.9014      0.8472        6691        7423        7898

Structure Metrics (exact interval match):
Boundary       Precision      Recall       Exact   Predicted        Gold
exon              0.8381      0.8151       12504       14920       15341
gene              0.8079      0.8138        6057        7497        7443
gene_sens         0.8138    (recall)
gene_spec         0.8079 (precision)

Saved combined results to /Users/rishigandhe/genome-annotation-hidden-markov-model/experiments/version_5/duration/results/nb/combined.txt
Saved s_pombe results to /Users/rishigandhe/genome-annotation-hidden-markov-model/experiments/version_5/duration/results/nb/s_pombe.txt
Saved s_japonicus results to /Users/rishigandhe/genome-annotation-hidden-markov-model/experiments/version_5/duration/results/nb/s_japonicus.txt
Saved s_octosporus results to /Users/rishigandhe/genome-annotation-hidden-markov-model/experiments/version_5/duration/results/nb/s_octosporus.txt
Saved s_cryophilus results to /Users/rishigandhe/genome-annotation-hidden-markov-model/experiments/version_5/duration/results/nb/s_cryophilus.txt
